Archive member included to satisfy reference by file (symbol)

C:/Programs/Tools/xpack-arm-none-eabi-gcc-13.2.1-1.1/bin/../lib/gcc/arm-none-eabi/13.2.1/../../../../arm-none-eabi/lib/thumb/v7e-m+fp/hard\libc_nano.a(libc_a-atexit.o)
                              C:/Programs/Tools/xpack-arm-none-eabi-gcc-13.2.1-1.1/bin/../lib/gcc/arm-none-eabi/13.2.1/../../../../arm-none-eabi/lib/thumb/v7e-m+fp/hard/crt0.o (atexit)
C:/Programs/Tools/xpack-arm-none-eabi-gcc-13.2.1-1.1/bin/../lib/gcc/arm-none-eabi/13.2.1/../../../../arm-none-eabi/lib/thumb/v7e-m+fp/hard\libc_nano.a(libc_a-exit.o)
                              C:/Programs/Tools/xpack-arm-none-eabi-gcc-13.2.1-1.1/bin/../lib/gcc/arm-none-eabi/13.2.1/../../../../arm-none-eabi/lib/thumb/v7e-m+fp/hard/crt0.o (exit)
C:/Programs/Tools/xpack-arm-none-eabi-gcc-13.2.1-1.1/bin/../lib/gcc/arm-none-eabi/13.2.1/../../../../arm-none-eabi/lib/thumb/v7e-m+fp/hard\libc_nano.a(libc_a-findfp.o)
                              C:/Programs/Tools/xpack-arm-none-eabi-gcc-13.2.1-1.1/bin/../lib/gcc/arm-none-eabi/13.2.1/../../../../arm-none-eabi/lib/thumb/v7e-m+fp/hard\libc_nano.a(libc_a-exit.o) (__stdio_exit_handler)
C:/Programs/Tools/xpack-arm-none-eabi-gcc-13.2.1-1.1/bin/../lib/gcc/arm-none-eabi/13.2.1/../../../../arm-none-eabi/lib/thumb/v7e-m+fp/hard\libc_nano.a(libc_a-fwalk.o)
                              C:/Programs/Tools/xpack-arm-none-eabi-gcc-13.2.1-1.1/bin/../lib/gcc/arm-none-eabi/13.2.1/../../../../arm-none-eabi/lib/thumb/v7e-m+fp/hard\libc_nano.a(libc_a-findfp.o) (_fwalk_sglue)
C:/Programs/Tools/xpack-arm-none-eabi-gcc-13.2.1-1.1/bin/../lib/gcc/arm-none-eabi/13.2.1/../../../../arm-none-eabi/lib/thumb/v7e-m+fp/hard\libc_nano.a(libc_a-stdio.o)
                              C:/Programs/Tools/xpack-arm-none-eabi-gcc-13.2.1-1.1/bin/../lib/gcc/arm-none-eabi/13.2.1/../../../../arm-none-eabi/lib/thumb/v7e-m+fp/hard\libc_nano.a(libc_a-findfp.o) (__sread)
C:/Programs/Tools/xpack-arm-none-eabi-gcc-13.2.1-1.1/bin/../lib/gcc/arm-none-eabi/13.2.1/../../../../arm-none-eabi/lib/thumb/v7e-m+fp/hard\libc_nano.a(libc_a-memset.o)
                              C:/Programs/Tools/xpack-arm-none-eabi-gcc-13.2.1-1.1/bin/../lib/gcc/arm-none-eabi/13.2.1/../../../../arm-none-eabi/lib/thumb/v7e-m+fp/hard/crt0.o (memset)
C:/Programs/Tools/xpack-arm-none-eabi-gcc-13.2.1-1.1/bin/../lib/gcc/arm-none-eabi/13.2.1/../../../../arm-none-eabi/lib/thumb/v7e-m+fp/hard\libc_nano.a(libc_a-closer.o)
                              C:/Programs/Tools/xpack-arm-none-eabi-gcc-13.2.1-1.1/bin/../lib/gcc/arm-none-eabi/13.2.1/../../../../arm-none-eabi/lib/thumb/v7e-m+fp/hard\libc_nano.a(libc_a-stdio.o) (_close_r)
C:/Programs/Tools/xpack-arm-none-eabi-gcc-13.2.1-1.1/bin/../lib/gcc/arm-none-eabi/13.2.1/../../../../arm-none-eabi/lib/thumb/v7e-m+fp/hard\libc_nano.a(libc_a-reent.o)
                              C:/Programs/Tools/xpack-arm-none-eabi-gcc-13.2.1-1.1/bin/../lib/gcc/arm-none-eabi/13.2.1/../../../../arm-none-eabi/lib/thumb/v7e-m+fp/hard\libc_nano.a(libc_a-closer.o) (errno)
C:/Programs/Tools/xpack-arm-none-eabi-gcc-13.2.1-1.1/bin/../lib/gcc/arm-none-eabi/13.2.1/../../../../arm-none-eabi/lib/thumb/v7e-m+fp/hard\libc_nano.a(libc_a-impure.o)
                              C:/Programs/Tools/xpack-arm-none-eabi-gcc-13.2.1-1.1/bin/../lib/gcc/arm-none-eabi/13.2.1/../../../../arm-none-eabi/lib/thumb/v7e-m+fp/hard\libc_nano.a(libc_a-reent.o) (_impure_ptr)
C:/Programs/Tools/xpack-arm-none-eabi-gcc-13.2.1-1.1/bin/../lib/gcc/arm-none-eabi/13.2.1/../../../../arm-none-eabi/lib/thumb/v7e-m+fp/hard\libc_nano.a(libc_a-lseekr.o)
                              C:/Programs/Tools/xpack-arm-none-eabi-gcc-13.2.1-1.1/bin/../lib/gcc/arm-none-eabi/13.2.1/../../../../arm-none-eabi/lib/thumb/v7e-m+fp/hard\libc_nano.a(libc_a-stdio.o) (_lseek_r)
C:/Programs/Tools/xpack-arm-none-eabi-gcc-13.2.1-1.1/bin/../lib/gcc/arm-none-eabi/13.2.1/../../../../arm-none-eabi/lib/thumb/v7e-m+fp/hard\libc_nano.a(libc_a-readr.o)
                              C:/Programs/Tools/xpack-arm-none-eabi-gcc-13.2.1-1.1/bin/../lib/gcc/arm-none-eabi/13.2.1/../../../../arm-none-eabi/lib/thumb/v7e-m+fp/hard\libc_nano.a(libc_a-stdio.o) (_read_r)
C:/Programs/Tools/xpack-arm-none-eabi-gcc-13.2.1-1.1/bin/../lib/gcc/arm-none-eabi/13.2.1/../../../../arm-none-eabi/lib/thumb/v7e-m+fp/hard\libc_nano.a(libc_a-writer.o)
                              C:/Programs/Tools/xpack-arm-none-eabi-gcc-13.2.1-1.1/bin/../lib/gcc/arm-none-eabi/13.2.1/../../../../arm-none-eabi/lib/thumb/v7e-m+fp/hard\libc_nano.a(libc_a-stdio.o) (_write_r)
C:/Programs/Tools/xpack-arm-none-eabi-gcc-13.2.1-1.1/bin/../lib/gcc/arm-none-eabi/13.2.1/../../../../arm-none-eabi/lib/thumb/v7e-m+fp/hard\libc_nano.a(libc_a-errno.o)
                              build_F411VE/syscalls.o (__errno)
C:/Programs/Tools/xpack-arm-none-eabi-gcc-13.2.1-1.1/bin/../lib/gcc/arm-none-eabi/13.2.1/../../../../arm-none-eabi/lib/thumb/v7e-m+fp/hard\libc_nano.a(libc_a-init.o)
[...]
Memory Configuration

Name             Origin             Length             Attributes
RAM              0x20000000         0x00020000         xrw
FLASH            0x08000000         0x00080000         xr
*default*        0x00000000         0xffffffff

Linker script and memory map

LOAD C:/Programs/Tools/xpack-arm-none-eabi-gcc-13.2.1-1.1/bin/../lib/gcc/arm-none-eabi/13.2.1/thumb/v7e-m+fp/hard/crti.o
LOAD C:/Programs/Tools/xpack-arm-none-eabi-gcc-13.2.1-1.1/bin/../lib/gcc/arm-none-eabi/13.2.1/thumb/v7e-m+fp/hard/crtbegin.o
LOAD C:/Programs/Tools/xpack-arm-none-eabi-gcc-13.2.1-1.1/bin/../lib/gcc/arm-none-eabi/13.2.1/../../../../arm-none-eabi/lib/thumb/v7e-m+fp/hard/crt0.o
LOAD build_F411VE/system_stm32f4xx.o
LOAD build_F411VE/syscalls.o
LOAD build_F411VE/sysmem.o
LOAD build_F411VE/main.o
LOAD build_F411VE/init.o
LOAD build_F411VE/interrupt.o
LOAD build_F411VE/i2c.o
LOAD build_F411VE/lsm303dlhc.o
LOAD build_F411VE/startup_stm32f411xe.o
LOAD C:/Programs/Tools/xpack-arm-none-eabi-gcc-13.2.1-1.1/bin/../lib/gcc/arm-none-eabi/13.2.1/../../../../arm-none-eabi/lib/thumb/v7e-m+fp/hard\libc_nano.a
LOAD C:/Programs/Tools/xpack-arm-none-eabi-gcc-13.2.1-1.1/bin/../lib/gcc/arm-none-eabi/13.2.1/../../../../arm-none-eabi/lib/thumb/v7e-m+fp/hard\libm.a
LOAD C:/Programs/Tools/xpack-arm-none-eabi-gcc-13.2.1-1.1/bin/../lib/gcc/arm-none-eabi/13.2.1/../../../../arm-none-eabi/lib/thumb/v7e-m+fp/hard\libnosys.a
START GROUP
LOAD C:/Programs/Tools/xpack-arm-none-eabi-gcc-13.2.1-1.1/bin/../lib/gcc/arm-none-eabi/13.2.1/thumb/v7e-m+fp/hard\libgcc.a
LOAD C:/Programs/Tools/xpack-arm-none-eabi-gcc-13.2.1-1.1/bin/../lib/gcc/arm-none-eabi/13.2.1/../../../../arm-none-eabi/lib/thumb/v7e-m+fp/hard\libc_nano.a
END GROUP
START GROUP
LOAD C:/Programs/Tools/xpack-arm-none-eabi-gcc-13.2.1-1.1/bin/../lib/gcc/arm-none-eabi/13.2.1/thumb/v7e-m+fp/hard\libgcc.a
LOAD C:/Programs/Tools/xpack-arm-none-eabi-gcc-13.2.1-1.1/bin/../lib/gcc/arm-none-eabi/13.2.1/../../../../arm-none-eabi/lib/thumb/v7e-m+fp/hard\libc_nano.a
END GROUP
LOAD C:/Programs/Tools/xpack-arm-none-eabi-gcc-13.2.1-1.1/bin/../lib/gcc/arm-none-eabi/13.2.1/thumb/v7e-m+fp/hard/crtend.o
LOAD C:/Programs/Tools/xpack-arm-none-eabi-gcc-13.2.1-1.1/bin/../lib/gcc/arm-none-eabi/13.2.1/thumb/v7e-m+fp/hard/crtn.o
                0x20020000                        _estack = (ORIGIN (RAM) + LENGTH (RAM))
                0x00000200                        _Min_Heap_Size = 0x200
                0x00000400                        _Min_Stack_Size = 0x400

.isr_vector     0x08000000      0x198
                0x08000000                        . = ALIGN (0x4)
 *(.isr_vector)
 .isr_vector    0x08000000      0x198 build_F411VE/startup_stm32f411xe.o
                0x08000000                g_pfnVectors
                0x08000198                        . = ALIGN (0x4)

.text           0x08000198      0x97c
                0x08000198                        . = ALIGN (0x4)
 *(.text)
 *(.text*)
 .text.__do_global_dtors_aux
                0x08000198       0x24 C:/Programs/Tools/xpack-arm-none-eabi-gcc-13.2.1-1.1/bin/../lib/gcc/arm-none-eabi/13.2.1/thumb/v7e-m+fp/hard/crtbegin.o
 .text.frame_dummy
                0x080001bc       0x1c C:/Programs/Tools/xpack-arm-none-eabi-gcc-13.2.1-1.1/bin/../lib/gcc/arm-none-eabi/13.2.1/thumb/v7e-m+fp/hard/crtbegin.o
 .text.SystemInit
                0x080001d8       0x14 build_F411VE/system_stm32f4xx.o
                0x080001d8                SystemInit
 .text.main     0x080001ec      0x1e0 build_F411VE/main.o
                0x080001ec                main
 .text.RCC_Init
                0x080003cc       0xf4 build_F411VE/init.o
                0x080003cc                RCC_Init
 .text.SysTick_Init
                0x080004c0       0x46 build_F411VE/init.o
                0x080004c0                SysTick_Init
 *fill*         0x08000506        0x2 
 .text.GPIO_Init
                0x08000508       0x84 build_F411VE/init.o
                0x08000508                GPIO_Init
 .text.TIM_PWM_Init
                0x0800058c       0x64 build_F411VE/init.o
                0x0800058c                TIM_PWM_Init
 .text.ADC_Init
                0x080005f0       0xf0 build_F411VE/init.o
                0x080005f0                ADC_Init
 .text.DMA_Init
                0x080006e0       0x64 build_F411VE/init.o
                0x080006e0                DMA_Init
 .text.I2C_Init
                0x08000744       0x70 build_F411VE/init.o
                0x08000744                I2C_Init
 .text.SysTick_Handler
                0x080007b4       0x24 build_F411VE/interrupt.o
                0x080007b4                SysTick_Handler
 .text.ADC_IRQHandler
                0x080007d8       0x14 build_F411VE/interrupt.o
                0x080007d8                ADC_IRQHandler
 .text.DMA2_Stream0_IRQHandler
                0x080007ec       0x4c build_F411VE/interrupt.o
                0x080007ec                DMA2_Stream0_IRQHandler
 .text.TIM3_IRQHandler
                0x08000838       0x40 build_F411VE/interrupt.o
                0x08000838                TIM3_IRQHandler
 .text.I2C_WriteByte
                0x08000878       0x6c build_F411VE/i2c.o
                0x08000878                I2C_WriteByte
 .text.I2C_ReadByte
                0x080008e4       0xa8 build_F411VE/i2c.o
                0x080008e4                I2C_ReadByte
 .text.I2C_ReadMultiple
                0x0800098c       0xd0 build_F411VE/i2c.o
                0x0800098c                I2C_ReadMultiple
 .text.func1    0x08000a5c        0x4 build_F411VE/lsm303dlhc.o
                0x08000a5c                func1
 .text.Reset_Handler
                0x08000a60       0x50 build_F411VE/startup_stm32f411xe.o
                0x08000a60                Reset_Handler
 .text.Default_Handler
                0x08000ab0        0x2 build_F411VE/startup_stm32f411xe.o
                0x08000ab0                RTC_Alarm_IRQHandler
                0x08000ab0                EXTI2_IRQHandler
                0x08000ab0                DebugMon_Handler
                0x08000ab0                SPI4_IRQHandler
                0x08000ab0                TIM1_CC_IRQHandler
                0x08000ab0                DMA2_Stream5_IRQHandler
                0x08000ab0                HardFault_Handler
                0x08000ab0                DMA1_Stream5_IRQHandler
                0x08000ab0                PVD_IRQHandler
                0x08000ab0                SDIO_IRQHandler
                0x08000ab0                TAMP_STAMP_IRQHandler
                0x08000ab0                PendSV_Handler
                0x08000ab0                NMI_Handler
                0x08000ab0                EXTI3_IRQHandler
                0x08000ab0                TIM1_UP_TIM10_IRQHandler
                0x08000ab0                I2C3_ER_IRQHandler
                0x08000ab0                EXTI0_IRQHandler
                0x08000ab0                I2C2_EV_IRQHandler
                0x08000ab0                DMA1_Stream2_IRQHandler
                0x08000ab0                FPU_IRQHandler
                0x08000ab0                UsageFault_Handler
                0x08000ab0                DMA2_Stream2_IRQHandler
                0x08000ab0                SPI1_IRQHandler
                0x08000ab0                TIM1_BRK_TIM9_IRQHandler
                0x08000ab0                DMA2_Stream3_IRQHandler
                0x08000ab0                USART6_IRQHandler
                0x08000ab0                TIM4_IRQHandler
                0x08000ab0                I2C1_EV_IRQHandler
                0x08000ab0                DMA1_Stream6_IRQHandler
                0x08000ab0                DMA1_Stream1_IRQHandler
                0x08000ab0                RCC_IRQHandler
                0x08000ab0                Default_Handler
                0x08000ab0                EXTI15_10_IRQHandler
                0x08000ab0                DMA1_Stream7_IRQHandler
                0x08000ab0                SPI5_IRQHandler
                0x08000ab0                TIM5_IRQHandler
                0x08000ab0                DMA2_Stream7_IRQHandler
                0x08000ab0                I2C3_EV_IRQHandler
                0x08000ab0                EXTI9_5_IRQHandler
                0x08000ab0                RTC_WKUP_IRQHandler
                0x08000ab0                SPI2_IRQHandler
                0x08000ab0                MemManage_Handler
                0x08000ab0                DMA1_Stream0_IRQHandler
                0x08000ab0                SVC_Handler
                0x08000ab0                EXTI4_IRQHandler
                0x08000ab0                WWDG_IRQHandler
                0x08000ab0                TIM2_IRQHandler
                0x08000ab0                OTG_FS_WKUP_IRQHandler
                0x08000ab0                TIM1_TRG_COM_TIM11_IRQHandler
                0x08000ab0                EXTI1_IRQHandler
                0x08000ab0                USART2_IRQHandler
                0x08000ab0                I2C2_ER_IRQHandler
                0x08000ab0                DMA2_Stream1_IRQHandler
                0x08000ab0                FLASH_IRQHandler
                0x08000ab0                DMA2_Stream4_IRQHandler
                0x08000ab0                BusFault_Handler
                0x08000ab0                USART1_IRQHandler
                0x08000ab0                OTG_FS_IRQHandler
                0x08000ab0                SPI3_IRQHandler
                0x08000ab0                DMA1_Stream4_IRQHandler
                0x08000ab0                I2C1_ER_IRQHandler
                0x08000ab0                DMA2_Stream6_IRQHandler
                0x08000ab0                DMA1_Stream3_IRQHandler
 *fill*         0x08000ab2        0x2 
 .text.__libc_init_array
                0x08000ab4       0x48 C:/Programs/Tools/xpack-arm-none-eabi-gcc-13.2.1-1.1/bin/../lib/gcc/arm-none-eabi/13.2.1/../../../../arm-none-eabi/lib/thumb/v7e-m+fp/hard\libc_nano.a(libc_a-init.o)
                0x08000ab4                __libc_init_array
 *(.glue_7)
 .glue_7        0x08000afc        0x0 linker stubs
 *(.glue_7t)
 .glue_7t       0x08000afc        0x0 linker stubs
 *(.eh_frame)
 .eh_frame      0x08000afc        0x0 C:/Programs/Tools/xpack-arm-none-eabi-gcc-13.2.1-1.1/bin/../lib/gcc/arm-none-eabi/13.2.1/thumb/v7e-m+fp/hard/crtbegin.o
 *(.init)
 .init          0x08000afc        0x4 C:/Programs/Tools/xpack-arm-none-eabi-gcc-13.2.1-1.1/bin/../lib/gcc/arm-none-eabi/13.2.1/thumb/v7e-m+fp/hard/crti.o
                0x08000afc                _init
 .init          0x08000b00        0x8 C:/Programs/Tools/xpack-arm-none-eabi-gcc-13.2.1-1.1/bin/../lib/gcc/arm-none-eabi/13.2.1/thumb/v7e-m+fp/hard/crtn.o
 *(.fini)
 .fini          0x08000b08        0x4 C:/Programs/Tools/xpack-arm-none-eabi-gcc-13.2.1-1.1/bin/../lib/gcc/arm-none-eabi/13.2.1/thumb/v7e-m+fp/hard/crti.o
                0x08000b08                _fini
 .fini          0x08000b0c        0x8 C:/Programs/Tools/xpack-arm-none-eabi-gcc-13.2.1-1.1/bin/../lib/gcc/arm-none-eabi/13.2.1/thumb/v7e-m+fp/hard/crtn.o
                0x08000b14                        . = ALIGN (0x4)
                0x08000b14                        _etext = .

.vfp11_veneer   0x08000b14        0x0
 .vfp11_veneer  0x08000b14        0x0 linker stubs

.v4_bx          0x08000b14        0x0
 .v4_bx         0x08000b14        0x0 linker stubs

.iplt           0x08000b14        0x0
 .iplt          0x08000b14        0x0 C:/Programs/Tools/xpack-arm-none-eabi-gcc-13.2.1-1.1/bin/../lib/gcc/arm-none-eabi/13.2.1/thumb/v7e-m+fp/hard/crtbegin.o

.rel.dyn        0x08000b14        0x0
 .rel.iplt      0x08000b14        0x0 C:/Programs/Tools/xpack-arm-none-eabi-gcc-13.2.1-1.1/bin/../lib/gcc/arm-none-eabi/13.2.1/thumb/v7e-m+fp/hard/crtbegin.o

.rodata         0x08000b14        0x0
                0x08000b14                        . = ALIGN (0x4)
 *(.rodata)
 *(.rodata*)
                0x08000b14                        . = ALIGN (0x4)

.ARM.extab
 *(.ARM.extab* .gnu.linkonce.armextab.*)

.ARM            0x08000b14        0x0
                0x08000b14                        __exidx_start = .
 *(.ARM.exidx*)
                0x08000b14                        __exidx_end = .

.preinit_array  0x08000b14        0x0
                0x08000b14                        PROVIDE (__preinit_array_start = .)
 *(.preinit_array*)
                0x08000b14                        PROVIDE (__preinit_array_end = .)

.init_array     0x08000b14        0x4
                0x08000b14                        PROVIDE (__init_array_start = .)
 *(SORT_BY_NAME(.init_array.*))
 *(.init_array*)
 .init_array    0x08000b14        0x4 C:/Programs/Tools/xpack-arm-none-eabi-gcc-13.2.1-1.1/bin/../lib/gcc/arm-none-eabi/13.2.1/thumb/v7e-m+fp/hard/crtbegin.o
                0x08000b18                        PROVIDE (__init_array_end = .)

.fini_array     0x08000b18        0x4
                0x08000b18                        PROVIDE (__fini_array_start = .)
 *(SORT_BY_NAME(.fini_array.*))
 *(.fini_array*)
 .fini_array    0x08000b18        0x4 C:/Programs/Tools/xpack-arm-none-eabi-gcc-13.2.1-1.1/bin/../lib/gcc/arm-none-eabi/13.2.1/thumb/v7e-m+fp/hard/crtbegin.o
                0x08000b1c                        PROVIDE (__fini_array_end = .)
                0x08000b1c                        _sidata = LOADADDR (.data)

.data           0x20000000        0x0 load address 0x08000b1c
                0x20000000                        . = ALIGN (0x4)
                0x20000000                        _sdata = .
 *(.data)
 *(.data*)
                0x20000000                        . = ALIGN (0x4)
                0x20000000                        _edata = .

.igot.plt       0x20000000        0x0 load address 0x08000b1c
 .igot.plt      0x20000000        0x0 C:/Programs/Tools/xpack-arm-none-eabi-gcc-13.2.1-1.1/bin/../lib/gcc/arm-none-eabi/13.2.1/thumb/v7e-m+fp/hard/crtbegin.o
                0x20000000                        . = ALIGN (0x4)

.bss            0x20000000       0x7c load address 0x08000b1c
                0x20000000                        _sbss = .
                0x20000000                        __bss_start__ = _sbss
 *(.bss)
 *(.bss*)
 .bss.completed.1
                0x20000000        0x1 C:/Programs/Tools/xpack-arm-none-eabi-gcc-13.2.1-1.1/bin/../lib/gcc/arm-none-eabi/13.2.1/thumb/v7e-m+fp/hard/crtbegin.o
 *fill*         0x20000001        0x3 
 .bss.object.0  0x20000004       0x18 C:/Programs/Tools/xpack-arm-none-eabi-gcc-13.2.1-1.1/bin/../lib/gcc/arm-none-eabi/13.2.1/thumb/v7e-m+fp/hard/crtbegin.o
 .bss.z_magnetic
                0x2000001c        0x4 build_F411VE/main.o
                0x2000001c                z_magnetic
 .bss.y_magnetic
                0x20000020        0x4 build_F411VE/main.o
                0x20000020                y_magnetic
 .bss.x_magnetic
                0x20000024        0x4 build_F411VE/main.o
                0x20000024                x_magnetic
 .bss.z_down    0x20000028        0x4 build_F411VE/main.o
                0x20000028                z_down
 .bss.y_east    0x2000002c        0x4 build_F411VE/main.o
                0x2000002c                y_east
 .bss.x_north   0x20000030        0x4 build_F411VE/main.o
                0x20000030                x_north
 .bss.z_yaw     0x20000034        0x4 build_F411VE/main.o
                0x20000034                z_yaw
 .bss.y_pitch   0x20000038        0x4 build_F411VE/main.o
                0x20000038                y_pitch
 .bss.x_roll    0x2000003c        0x4 build_F411VE/main.o
                0x2000003c                x_roll
 .bss.z_accel   0x20000040        0x2 build_F411VE/main.o
                0x20000040                z_accel
 .bss.y_accel   0x20000042        0x2 build_F411VE/main.o
                0x20000042                y_accel
 .bss.x_accel   0x20000044        0x2 build_F411VE/main.o
                0x20000044                x_accel
 *fill*         0x20000046        0x2 
 .bss.magnetic  0x20000048        0x6 build_F411VE/main.o
                0x20000048                magnetic
 *fill*         0x2000004e        0x2 
 .bss.accel     0x20000050        0x6 build_F411VE/main.o
                0x20000050                accel
 .bss.dat       0x20000056        0x1 build_F411VE/main.o
                0x20000056                dat
 *fill*         0x20000057        0x1 
 .bss.data_magnetic
                0x20000058        0x6 build_F411VE/main.o
                0x20000058                data_magnetic
 *fill*         0x2000005e        0x2 
 .bss.data_accel
                0x20000060        0x6 build_F411VE/main.o
                0x20000060                data_accel
 .bss.GlobalTickCount
                0x20000066        0x2 build_F411VE/main.o
                0x20000066                GlobalTickCount
 .bss.adc_overrun_count
                0x20000068        0x1 build_F411VE/main.o
                0x20000068                adc_overrun_count
 .bss.adc_conversion_complete
                0x20000069        0x1 build_F411VE/main.o
                0x20000069                adc_conversion_complete
 .bss.adcInter  0x2000006a        0x2 build_F411VE/main.o
                0x2000006a                adcInter
 .bss.adc_buf   0x2000006c        0x6 build_F411VE/main.o
                0x2000006c                adc_buf
 .bss.FLAG_Delay
                0x20000072        0x1 build_F411VE/interrupt.o
                0x20000072                FLAG_Delay
 *fill*         0x20000073        0x1 
 .bss.tim3_count
                0x20000074        0x2 build_F411VE/interrupt.o
                0x20000074                tim3_count
 .bss.miiliseconds
                0x20000076        0x2 build_F411VE/interrupt.o
                0x20000076                miiliseconds
 .bss.tick_delay_count
                0x20000078        0x2 build_F411VE/interrupt.o
                0x20000078                tick_delay_count
 *(COMMON)
                0x2000007c                        . = ALIGN (0x4)
 *fill*         0x2000007a        0x2 
                0x2000007c                        _ebss = .
                0x2000007c                        __bss_end__ = _ebss

._user_heap_stack
                0x2000007c      0x604 load address 0x08000b1c
                0x20000080                        . = ALIGN (0x8)
 *fill*         0x2000007c        0x4 
                [!provide]                        PROVIDE (end = .)
                0x20000080                        PROVIDE (_end = .)
                0x20000280                        . = (. + _Min_Heap_Size)
 *fill*         0x20000080      0x200 
                0x20000680                        . = (. + _Min_Stack_Size)
 *fill*         0x20000280      0x400 
                0x20000680                        . = ALIGN (0x8)

/DISCARD/
 libc.a(*)
 libm.a(*)
 libgcc.a(*)

.ARM.attributes
                0x00000000       0x30
 *(.ARM.attributes)
 .ARM.attributes
                0x00000000       0x22 C:/Programs/Tools/xpack-arm-none-eabi-gcc-13.2.1-1.1/bin/../lib/gcc/arm-none-eabi/13.2.1/thumb/v7e-m+fp/hard/crti.o
 .ARM.attributes
                0x00000022       0x34 C:/Programs/Tools/xpack-arm-none-eabi-gcc-13.2.1-1.1/bin/../lib/gcc/arm-none-eabi/13.2.1/thumb/v7e-m+fp/hard/crtbegin.o
 .ARM.attributes
                0x00000056       0x34 build_F411VE/system_stm32f4xx.o
 .ARM.attributes
                0x0000008a       0x34 build_F411VE/main.o
 .ARM.attributes
                0x000000be       0x34 build_F411VE/init.o
 .ARM.attributes
                0x000000f2       0x34 build_F411VE/interrupt.o
 .ARM.attributes
                0x00000126       0x34 build_F411VE/i2c.o
 .ARM.attributes
                0x0000015a       0x34 build_F411VE/lsm303dlhc.o
 .ARM.attributes
                0x0000018e       0x21 build_F411VE/startup_stm32f411xe.o
 .ARM.attributes
                0x000001af       0x34 C:/Programs/Tools/xpack-arm-none-eabi-gcc-13.2.1-1.1/bin/../lib/gcc/arm-none-eabi/13.2.1/../../../../arm-none-eabi/lib/thumb/v7e-m+fp/hard\libc_nano.a(libc_a-init.o)
 .ARM.attributes
                0x000001e3       0x22 C:/Programs/Tools/xpack-arm-none-eabi-gcc-13.2.1-1.1/bin/../lib/gcc/arm-none-eabi/13.2.1/thumb/v7e-m+fp/hard/crtn.o
OUTPUT(build_F411VE/STM32F411VE.elf elf32-littlearm)
LOAD linker stubs
LOAD C:/Programs/Tools/xpack-arm-none-eabi-gcc-13.2.1-1.1/bin/../lib/gcc/arm-none-eabi/13.2.1/../../../../arm-none-eabi/lib/thumb/v7e-m+fp/hard\libc.a
LOAD C:/Programs/Tools/xpack-arm-none-eabi-gcc-13.2.1-1.1/bin/../lib/gcc/arm-none-eabi/13.2.1/../../../../arm-none-eabi/lib/thumb/v7e-m+fp/hard\libm.a
LOAD C:/Programs/Tools/xpack-arm-none-eabi-gcc-13.2.1-1.1/bin/../lib/gcc/arm-none-eabi/13.2.1/thumb/v7e-m+fp/hard\libgcc.a

.comment        0x00000000       0x39
 .comment       0x00000000       0x39 C:/Programs/Tools/xpack-arm-none-eabi-gcc-13.2.1-1.1/bin/../lib/gcc/arm-none-eabi/13.2.1/thumb/v7e-m+fp/hard/crtbegin.o
                                 0x3a (size before relaxing)
 .comment       0x00000039       0x3a build_F411VE/system_stm32f4xx.o
 .comment       0x00000039       0x3a build_F411VE/main.o
 .comment       0x00000039       0x3a build_F411VE/init.o
 .comment       0x00000039       0x3a build_F411VE/interrupt.o
 .comment       0x00000039       0x3a build_F411VE/i2c.o
 .comment       0x00000039       0x3a build_F411VE/lsm303dlhc.o
 .comment       0x00000039       0x3a C:/Programs/Tools/xpack-arm-none-eabi-gcc-13.2.1-1.1/bin/../lib/gcc/arm-none-eabi/13.2.1/../../../../arm-none-eabi/lib/thumb/v7e-m+fp/hard\libc_nano.a(libc_a-init.o)

.debug_info     0x00000000     0x2308
 .debug_info    0x00000000      0x5de build_F411VE/system_stm32f4xx.o
 .debug_info    0x000005de      0x52b build_F411VE/main.o
 .debug_info    0x00000b09      0xf77 build_F411VE/init.o
 .debug_info    0x00001a80      0x4c4 build_F411VE/interrupt.o
 .debug_info    0x00001f44      0x296 build_F411VE/i2c.o
 .debug_info    0x000021da       0xfe build_F411VE/lsm303dlhc.o
 .debug_info    0x000022d8       0x30 build_F411VE/startup_stm32f411xe.o

.debug_abbrev   0x00000000      0x721
 .debug_abbrev  0x00000000      0x11b build_F411VE/system_stm32f4xx.o
 .debug_abbrev  0x0000011b      0x146 build_F411VE/main.o
 .debug_abbrev  0x00000261      0x200 build_F411VE/init.o
 .debug_abbrev  0x00000461      0x120 build_F411VE/interrupt.o
 .debug_abbrev  0x00000581       0xf2 build_F411VE/i2c.o
 .debug_abbrev  0x00000673       0x91 build_F411VE/lsm303dlhc.o
 .debug_abbrev  0x00000704       0x1d build_F411VE/startup_stm32f411xe.o

.debug_loc      0x00000000      0x4d5
 .debug_loc     0x00000000      0x181 build_F411VE/system_stm32f4xx.o
 .debug_loc     0x00000181       0x20 build_F411VE/main.o
 .debug_loc     0x000001a1       0x9c build_F411VE/init.o
 .debug_loc     0x0000023d      0x278 build_F411VE/i2c.o
 .debug_loc     0x000004b5       0x20 build_F411VE/lsm303dlhc.o

.debug_aranges  0x00000000      0x158
 .debug_aranges
                0x00000000       0x28 build_F411VE/system_stm32f4xx.o
 .debug_aranges
                0x00000028       0x20 build_F411VE/main.o
 .debug_aranges
                0x00000048       0x50 build_F411VE/init.o
 .debug_aranges
                0x00000098       0x40 build_F411VE/interrupt.o
 .debug_aranges
                0x000000d8       0x30 build_F411VE/i2c.o
 .debug_aranges
                0x00000108       0x28 build_F411VE/lsm303dlhc.o
 .debug_aranges
                0x00000130       0x28 build_F411VE/startup_stm32f411xe.o

.debug_ranges   0x00000000       0xf0
 .debug_ranges  0x00000000       0x18 build_F411VE/system_stm32f4xx.o
 .debug_ranges  0x00000018       0x10 build_F411VE/main.o
 .debug_ranges  0x00000028       0x40 build_F411VE/init.o
 .debug_ranges  0x00000068       0x30 build_F411VE/interrupt.o
 .debug_ranges  0x00000098       0x20 build_F411VE/i2c.o
 .debug_ranges  0x000000b8       0x18 build_F411VE/lsm303dlhc.o
 .debug_ranges  0x000000d0       0x20 build_F411VE/startup_stm32f411xe.o

.debug_line     0x00000000     0x122d
 .debug_line    0x00000000      0x27b build_F411VE/system_stm32f4xx.o
 .debug_line    0x0000027b      0x23d build_F411VE/main.o
 .debug_line    0x000004b8      0x478 build_F411VE/init.o
 .debug_line    0x00000930      0x261 build_F411VE/interrupt.o
 .debug_line    0x00000b91      0x4e8 build_F411VE/i2c.o
 .debug_line    0x00001079      0x12a build_F411VE/lsm303dlhc.o
 .debug_line    0x000011a3       0x8a build_F411VE/startup_stm32f411xe.o

.debug_str      0x00000000      0xbaf
 .debug_str     0x00000000      0xbaf build_F411VE/system_stm32f4xx.o
                                0x388 (size before relaxing)
 .debug_str     0x00000baf      0x317 build_F411VE/main.o
 .debug_str     0x00000baf      0x8ea build_F411VE/init.o
 .debug_str     0x00000baf      0x33b build_F411VE/interrupt.o
 .debug_str     0x00000baf      0x225 build_F411VE/i2c.o
 .debug_str     0x00000baf      0x1bd build_F411VE/lsm303dlhc.o
 .debug_str     0x00000baf       0x93 build_F411VE/startup_stm32f411xe.o

.debug_frame    0x00000000      0x1e0
 .debug_frame   0x00000000       0x30 build_F411VE/system_stm32f4xx.o
 .debug_frame   0x00000030       0x28 build_F411VE/main.o
 .debug_frame   0x00000058       0x88 build_F411VE/init.o
 .debug_frame   0x000000e0       0x60 build_F411VE/interrupt.o
 .debug_frame   0x00000140       0x68 build_F411VE/i2c.o
 .debug_frame   0x000001a8       0x38 build_F411VE/lsm303dlhc.o

Cross Reference Table

Symbol                                            File
ADC_IRQHandler                                    build_F411VE/interrupt.o
ADC_Init                                          build_F411VE/init.o
                                                  build_F411VE/main.o
AHBPrescTable                                     build_F411VE/system_stm32f4xx.o
APBPrescTable                                     build_F411VE/system_stm32f4xx.o
BusFault_Handler                                  build_F411VE/startup_stm32f411xe.o
DMA1_Stream0_IRQHandler                           build_F411VE/startup_stm32f411xe.o
DMA1_Stream1_IRQHandler                           build_F411VE/startup_stm32f411xe.o
DMA1_Stream2_IRQHandler                           build_F411VE/startup_stm32f411xe.o
DMA1_Stream3_IRQHandler                           build_F411VE/startup_stm32f411xe.o
DMA1_Stream4_IRQHandler                           build_F411VE/startup_stm32f411xe.o
DMA1_Stream5_IRQHandler                           build_F411VE/startup_stm32f411xe.o
DMA1_Stream6_IRQHandler                           build_F411VE/startup_stm32f411xe.o
DMA1_Stream7_IRQHandler                           build_F411VE/startup_stm32f411xe.o
DMA2_Stream0_IRQHandler                           build_F411VE/interrupt.o
DMA2_Stream1_IRQHandler                           build_F411VE/startup_stm32f411xe.o
DMA2_Stream2_IRQHandler                           build_F411VE/startup_stm32f411xe.o
DMA2_Stream3_IRQHandler                           build_F411VE/startup_stm32f411xe.o
DMA2_Stream4_IRQHandler                           build_F411VE/startup_stm32f411xe.o
DMA2_Stream5_IRQHandler                           build_F411VE/startup_stm32f411xe.o
DMA2_Stream6_IRQHandler                           build_F411VE/startup_stm32f411xe.o
DMA2_Stream7_IRQHandler                           build_F411VE/startup_stm32f411xe.o
DMA_Init                                          build_F411VE/init.o
                                                  build_F411VE/main.o
DebugMon_Handler                                  build_F411VE/startup_stm32f411xe.o
Default_Handler                                   build_F411VE/startup_stm32f411xe.o
EXTI0_IRQHandler                                  build_F411VE/startup_stm32f411xe.o
EXTI15_10_IRQHandler                              build_F411VE/startup_stm32f411xe.o
EXTI1_IRQHandler                                  build_F411VE/startup_stm32f411xe.o
EXTI2_IRQHandler                                  build_F411VE/startup_stm32f411xe.o
EXTI3_IRQHandler                                  build_F411VE/startup_stm32f411xe.o
EXTI4_IRQHandler                                  build_F411VE/startup_stm32f411xe.o
EXTI9_5_IRQHandler                                build_F411VE/startup_stm32f411xe.o
FLAG_Delay                                        build_F411VE/interrupt.o
FLASH_IRQHandler                                  build_F411VE/startup_stm32f411xe.o
FPU_IRQHandler                                    build_F411VE/startup_stm32f411xe.o
GPIO_Init                                         build_F411VE/init.o
                                                  build_F411VE/main.o
GlobalTickCount                                   build_F411VE/main.o
                                                  build_F411VE/interrupt.o
HardFault_Handler                                 build_F411VE/startup_stm32f411xe.o
I2C1_ER_IRQHandler                                build_F411VE/startup_stm32f411xe.o
I2C1_EV_IRQHandler                                build_F411VE/startup_stm32f411xe.o
I2C2_ER_IRQHandler                                build_F411VE/startup_stm32f411xe.o
I2C2_EV_IRQHandler                                build_F411VE/startup_stm32f411xe.o
I2C3_ER_IRQHandler                                build_F411VE/startup_stm32f411xe.o
I2C3_EV_IRQHandler                                build_F411VE/startup_stm32f411xe.o
I2C_Init                                          build_F411VE/init.o
                                                  build_F411VE/main.o
I2C_ReadByte                                      build_F411VE/i2c.o
                                                  build_F411VE/main.o
I2C_ReadMultiple                                  build_F411VE/i2c.o
                                                  build_F411VE/main.o
I2C_WriteByte                                     build_F411VE/i2c.o
                                                  build_F411VE/main.o
MemManage_Handler                                 build_F411VE/startup_stm32f411xe.o
NMI_Handler                                       build_F411VE/startup_stm32f411xe.o
OTG_FS_IRQHandler                                 build_F411VE/startup_stm32f411xe.o
OTG_FS_WKUP_IRQHandler                            build_F411VE/startup_stm32f411xe.o
PVD_IRQHandler                                    build_F411VE/startup_stm32f411xe.o
PendSV_Handler                                    build_F411VE/startup_stm32f411xe.o
RCC_IRQHandler                                    build_F411VE/startup_stm32f411xe.o
RCC_Init                                          build_F411VE/init.o
                                                  build_F411VE/main.o
RTC_Alarm_IRQHandler                              build_F411VE/startup_stm32f411xe.o
RTC_WKUP_IRQHandler                               build_F411VE/startup_stm32f411xe.o
Reset_Handler                                     build_F411VE/startup_stm32f411xe.o
SDIO_IRQHandler                                   build_F411VE/startup_stm32f411xe.o
SPI1_IRQHandler                                   build_F411VE/startup_stm32f411xe.o
SPI2_IRQHandler                                   build_F411VE/startup_stm32f411xe.o
SPI3_IRQHandler                                   build_F411VE/startup_stm32f411xe.o
SPI4_IRQHandler                                   build_F411VE/startup_stm32f411xe.o
SPI5_IRQHandler                                   build_F411VE/startup_stm32f411xe.o
SVC_Handler                                       build_F411VE/startup_stm32f411xe.o
SysTick_Handler                                   build_F411VE/interrupt.o
SysTick_Init                                      build_F411VE/init.o
                                                  build_F411VE/main.o
SystemCoreClock                                   build_F411VE/system_stm32f4xx.o
SystemCoreClockUpdate                             build_F411VE/system_stm32f4xx.o
SystemInit                                        build_F411VE/system_stm32f4xx.o
                                                  build_F411VE/startup_stm32f411xe.o
TAMP_STAMP_IRQHandler                             build_F411VE/startup_stm32f411xe.o
TIM1_BRK_TIM9_IRQHandler                          build_F411VE/startup_stm32f411xe.o
TIM1_CC_IRQHandler                                build_F411VE/startup_stm32f411xe.o
TIM1_TRG_COM_TIM11_IRQHandler                     build_F411VE/startup_stm32f411xe.o
TIM1_UP_TIM10_IRQHandler                          build_F411VE/startup_stm32f411xe.o
TIM2_IRQHandler                                   build_F411VE/startup_stm32f411xe.o
TIM3_IRQHandler                                   build_F411VE/interrupt.o
TIM4_IRQHandler                                   build_F411VE/startup_stm32f411xe.o
TIM5_IRQHandler                                   build_F411VE/startup_stm32f411xe.o
TIM_PWM_Init                                      build_F411VE/init.o
                                                  build_F411VE/main.o
USART1_IRQHandler                                 build_F411VE/startup_stm32f411xe.o
USART2_IRQHandler                                 build_F411VE/startup_stm32f411xe.o
USART6_IRQHandler                                 build_F411VE/startup_stm32f411xe.o
UsageFault_Handler                                build_F411VE/startup_stm32f411xe.o
WWDG_IRQHandler                                   build_F411VE/startup_stm32f411xe.o
_Min_Stack_Size                                   build_F411VE/sysmem.o
__atexit                                          C:/Programs/Tools/xpack-arm-none-eabi-gcc-13.2.1-1.1/bin/../lib/gcc/arm-none-eabi/13.2.1/../../../../arm-none-eabi/lib/thumb/v7e-m+fp/hard\libc_nano.a(libc_a-__call_atexit.o)
                                                  C:/Programs/Tools/xpack-arm-none-eabi-gcc-13.2.1-1.1/bin/../lib/gcc/arm-none-eabi/13.2.1/../../../../arm-none-eabi/lib/thumb/v7e-m+fp/hard\libc_nano.a(libc_a-__atexit.o)
__atexit0                                         C:/Programs/Tools/xpack-arm-none-eabi-gcc-13.2.1-1.1/bin/../lib/gcc/arm-none-eabi/13.2.1/../../../../arm-none-eabi/lib/thumb/v7e-m+fp/hard\libc_nano.a(libc_a-__atexit.o)
__atexit_dummy                                    C:/Programs/Tools/xpack-arm-none-eabi-gcc-13.2.1-1.1/bin/../lib/gcc/arm-none-eabi/13.2.1/../../../../arm-none-eabi/lib/thumb/v7e-m+fp/hard\libc_nano.a(libc_a-__atexit.o)
__atexit_recursive_mutex                          C:/Programs/Tools/xpack-arm-none-eabi-gcc-13.2.1-1.1/bin/../lib/gcc/arm-none-eabi/13.2.1/../../../../arm-none-eabi/lib/thumb/v7e-m+fp/hard\libc_nano.a(libc_a-__call_atexit.o)
                                                  C:/Programs/Tools/xpack-arm-none-eabi-gcc-13.2.1-1.1/bin/../lib/gcc/arm-none-eabi/13.2.1/../../../../arm-none-eabi/lib/thumb/v7e-m+fp/hard\libc_nano.a(libc_a-__atexit.o)
__bss_end__                                       C:/Programs/Tools/xpack-arm-none-eabi-gcc-13.2.1-1.1/bin/../lib/gcc/arm-none-eabi/13.2.1/../../../../arm-none-eabi/lib/thumb/v7e-m+fp/hard/crt0.o
__bss_start__                                     C:/Programs/Tools/xpack-arm-none-eabi-gcc-13.2.1-1.1/bin/../lib/gcc/arm-none-eabi/13.2.1/../../../../arm-none-eabi/lib/thumb/v7e-m+fp/hard/crt0.o
__call_exitprocs                                  C:/Programs/Tools/xpack-arm-none-eabi-gcc-13.2.1-1.1/bin/../lib/gcc/arm-none-eabi/13.2.1/../../../../arm-none-eabi/lib/thumb/v7e-m+fp/hard\libc_nano.a(libc_a-__call_atexit.o)
                                                  C:/Programs/Tools/xpack-arm-none-eabi-gcc-13.2.1-1.1/bin/../lib/gcc/arm-none-eabi/13.2.1/../../../../arm-none-eabi/lib/thumb/v7e-m+fp/hard\libc_nano.a(libc_a-__atexit.o)
                                                  C:/Programs/Tools/xpack-arm-none-eabi-gcc-13.2.1-1.1/bin/../lib/gcc/arm-none-eabi/13.2.1/../../../../arm-none-eabi/lib/thumb/v7e-m+fp/hard\libc_nano.a(libc_a-exit.o)
__deregister_frame_info                           C:/Programs/Tools/xpack-arm-none-eabi-gcc-13.2.1-1.1/bin/../lib/gcc/arm-none-eabi/13.2.1/thumb/v7e-m+fp/hard/crtbegin.o
__dso_handle                                      C:/Programs/Tools/xpack-arm-none-eabi-gcc-13.2.1-1.1/bin/../lib/gcc/arm-none-eabi/13.2.1/thumb/v7e-m+fp/hard/crtbegin.o
__env                                             build_F411VE/syscalls.o
__errno                                           C:/Programs/Tools/xpack-arm-none-eabi-gcc-13.2.1-1.1/bin/../lib/gcc/arm-none-eabi/13.2.1/../../../../arm-none-eabi/lib/thumb/v7e-m+fp/hard\libc_nano.a(libc_a-errno.o)
                                                  build_F411VE/sysmem.o
                                                  build_F411VE/syscalls.o
__fini_array_end                                  C:/Programs/Tools/xpack-arm-none-eabi-gcc-13.2.1-1.1/bin/../lib/gcc/arm-none-eabi/13.2.1/../../../../arm-none-eabi/lib/thumb/v7e-m+fp/hard\libc_nano.a(libc_a-fini.o)
__fini_array_start                                C:/Programs/Tools/xpack-arm-none-eabi-gcc-13.2.1-1.1/bin/../lib/gcc/arm-none-eabi/13.2.1/../../../../arm-none-eabi/lib/thumb/v7e-m+fp/hard\libc_nano.a(libc_a-fini.o)
__fp_lock_all                                     C:/Programs/Tools/xpack-arm-none-eabi-gcc-13.2.1-1.1/bin/../lib/gcc/arm-none-eabi/13.2.1/../../../../arm-none-eabi/lib/thumb/v7e-m+fp/hard\libc_nano.a(libc_a-findfp.o)
__fp_unlock_all                                   C:/Programs/Tools/xpack-arm-none-eabi-gcc-13.2.1-1.1/bin/../lib/gcc/arm-none-eabi/13.2.1/../../../../arm-none-eabi/lib/thumb/v7e-m+fp/hard\libc_nano.a(libc_a-findfp.o)
__init_array_end                                  C:/Programs/Tools/xpack-arm-none-eabi-gcc-13.2.1-1.1/bin/../lib/gcc/arm-none-eabi/13.2.1/../../../../arm-none-eabi/lib/thumb/v7e-m+fp/hard\libc_nano.a(libc_a-init.o)
__init_array_start                                C:/Programs/Tools/xpack-arm-none-eabi-gcc-13.2.1-1.1/bin/../lib/gcc/arm-none-eabi/13.2.1/../../../../arm-none-eabi/lib/thumb/v7e-m+fp/hard\libc_nano.a(libc_a-init.o)
__io_getchar                                      build_F411VE/syscalls.o
__io_putchar                                      build_F411VE/syscalls.o
__libc_fini_array                                 C:/Programs/Tools/xpack-arm-none-eabi-gcc-13.2.1-1.1/bin/../lib/gcc/arm-none-eabi/13.2.1/../../../../arm-none-eabi/lib/thumb/v7e-m+fp/hard\libc_nano.a(libc_a-fini.o)
                                                  C:/Programs/Tools/xpack-arm-none-eabi-gcc-13.2.1-1.1/bin/../lib/gcc/arm-none-eabi/13.2.1/../../../../arm-none-eabi/lib/thumb/v7e-m+fp/hard/crt0.o
__libc_init_array                                 C:/Programs/Tools/xpack-arm-none-eabi-gcc-13.2.1-1.1/bin/../lib/gcc/arm-none-eabi/13.2.1/../../../../arm-none-eabi/lib/thumb/v7e-m+fp/hard\libc_nano.a(libc_a-init.o)
                                                  build_F411VE/startup_stm32f411xe.o
                                                  C:/Programs/Tools/xpack-arm-none-eabi-gcc-13.2.1-1.1/bin/../lib/gcc/arm-none-eabi/13.2.1/../../../../arm-none-eabi/lib/thumb/v7e-m+fp/hard/crt0.o
__lock___arc4random_mutex                         C:/Programs/Tools/xpack-arm-none-eabi-gcc-13.2.1-1.1/bin/../lib/gcc/arm-none-eabi/13.2.1/../../../../arm-none-eabi/lib/thumb/v7e-m+fp/hard\libc_nano.a(libc_a-lock.o)
__lock___at_quick_exit_mutex                      C:/Programs/Tools/xpack-arm-none-eabi-gcc-13.2.1-1.1/bin/../lib/gcc/arm-none-eabi/13.2.1/../../../../arm-none-eabi/lib/thumb/v7e-m+fp/hard\libc_nano.a(libc_a-lock.o)
__lock___atexit_recursive_mutex                   C:/Programs/Tools/xpack-arm-none-eabi-gcc-13.2.1-1.1/bin/../lib/gcc/arm-none-eabi/13.2.1/../../../../arm-none-eabi/lib/thumb/v7e-m+fp/hard\libc_nano.a(libc_a-lock.o)
                                                  C:/Programs/Tools/xpack-arm-none-eabi-gcc-13.2.1-1.1/bin/../lib/gcc/arm-none-eabi/13.2.1/../../../../arm-none-eabi/lib/thumb/v7e-m+fp/hard\libc_nano.a(libc_a-__call_atexit.o)
__lock___dd_hash_mutex                            C:/Programs/Tools/xpack-arm-none-eabi-gcc-13.2.1-1.1/bin/../lib/gcc/arm-none-eabi/13.2.1/../../../../arm-none-eabi/lib/thumb/v7e-m+fp/hard\libc_nano.a(libc_a-lock.o)
__lock___env_recursive_mutex                      C:/Programs/Tools/xpack-arm-none-eabi-gcc-13.2.1-1.1/bin/../lib/gcc/arm-none-eabi/13.2.1/../../../../arm-none-eabi/lib/thumb/v7e-m+fp/hard\libc_nano.a(libc_a-lock.o)
__lock___malloc_recursive_mutex                   C:/Programs/Tools/xpack-arm-none-eabi-gcc-13.2.1-1.1/bin/../lib/gcc/arm-none-eabi/13.2.1/../../../../arm-none-eabi/lib/thumb/v7e-m+fp/hard\libc_nano.a(libc_a-lock.o)
                                                  C:/Programs/Tools/xpack-arm-none-eabi-gcc-13.2.1-1.1/bin/../lib/gcc/arm-none-eabi/13.2.1/../../../../arm-none-eabi/lib/thumb/v7e-m+fp/hard\libc_nano.a(libc_a-mlock.o)
__lock___sfp_recursive_mutex                      C:/Programs/Tools/xpack-arm-none-eabi-gcc-13.2.1-1.1/bin/../lib/gcc/arm-none-eabi/13.2.1/../../../../arm-none-eabi/lib/thumb/v7e-m+fp/hard\libc_nano.a(libc_a-lock.o)
                                                  C:/Programs/Tools/xpack-arm-none-eabi-gcc-13.2.1-1.1/bin/../lib/gcc/arm-none-eabi/13.2.1/../../../../arm-none-eabi/lib/thumb/v7e-m+fp/hard\libc_nano.a(libc_a-findfp.o)
__lock___tz_mutex                                 C:/Programs/Tools/xpack-arm-none-eabi-gcc-13.2.1-1.1/bin/../lib/gcc/arm-none-eabi/13.2.1/../../../../arm-none-eabi/lib/thumb/v7e-m+fp/hard\libc_nano.a(libc_a-lock.o)
__malloc_free_list                                C:/Programs/Tools/xpack-arm-none-eabi-gcc-13.2.1-1.1/bin/../lib/gcc/arm-none-eabi/13.2.1/../../../../arm-none-eabi/lib/thumb/v7e-m+fp/hard\libc_nano.a(libc_a-mallocr.o)
                                                  C:/Programs/Tools/xpack-arm-none-eabi-gcc-13.2.1-1.1/bin/../lib/gcc/arm-none-eabi/13.2.1/../../../../arm-none-eabi/lib/thumb/v7e-m+fp/hard\libc_nano.a(libc_a-freer.o)
__malloc_lock                                     C:/Programs/Tools/xpack-arm-none-eabi-gcc-13.2.1-1.1/bin/../lib/gcc/arm-none-eabi/13.2.1/../../../../arm-none-eabi/lib/thumb/v7e-m+fp/hard\libc_nano.a(libc_a-mlock.o)
                                                  C:/Programs/Tools/xpack-arm-none-eabi-gcc-13.2.1-1.1/bin/../lib/gcc/arm-none-eabi/13.2.1/../../../../arm-none-eabi/lib/thumb/v7e-m+fp/hard\libc_nano.a(libc_a-mallocr.o)
                                                  C:/Programs/Tools/xpack-arm-none-eabi-gcc-13.2.1-1.1/bin/../lib/gcc/arm-none-eabi/13.2.1/../../../../arm-none-eabi/lib/thumb/v7e-m+fp/hard\libc_nano.a(libc_a-freer.o)
__malloc_sbrk_start                               C:/Programs/Tools/xpack-arm-none-eabi-gcc-13.2.1-1.1/bin/../lib/gcc/arm-none-eabi/13.2.1/../../../../arm-none-eabi/lib/thumb/v7e-m+fp/hard\libc_nano.a(libc_a-mallocr.o)
__malloc_unlock                                   C:/Programs/Tools/xpack-arm-none-eabi-gcc-13.2.1-1.1/bin/../lib/gcc/arm-none-eabi/13.2.1/../../../../arm-none-eabi/lib/thumb/v7e-m+fp/hard\libc_nano.a(libc_a-mlock.o)
                                                  C:/Programs/Tools/xpack-arm-none-eabi-gcc-13.2.1-1.1/bin/../lib/gcc/arm-none-eabi/13.2.1/../../../../arm-none-eabi/lib/thumb/v7e-m+fp/hard\libc_nano.a(libc_a-mallocr.o)
                                                  C:/Programs/Tools/xpack-arm-none-eabi-gcc-13.2.1-1.1/bin/../lib/gcc/arm-none-eabi/13.2.1/../../../../arm-none-eabi/lib/thumb/v7e-m+fp/hard\libc_nano.a(libc_a-freer.o)
__on_exit_args                                    C:/Programs/Tools/xpack-arm-none-eabi-gcc-13.2.1-1.1/bin/../lib/gcc/arm-none-eabi/13.2.1/../../../../arm-none-eabi/lib/thumb/v7e-m+fp/hard\libc_nano.a(libc_a-__atexit.o)
__preinit_array_end                               C:/Programs/Tools/xpack-arm-none-eabi-gcc-13.2.1-1.1/bin/../lib/gcc/arm-none-eabi/13.2.1/../../../../arm-none-eabi/lib/thumb/v7e-m+fp/hard\libc_nano.a(libc_a-init.o)
__preinit_array_start                             C:/Programs/Tools/xpack-arm-none-eabi-gcc-13.2.1-1.1/bin/../lib/gcc/arm-none-eabi/13.2.1/../../../../arm-none-eabi/lib/thumb/v7e-m+fp/hard\libc_nano.a(libc_a-init.o)
__register_exitproc                               C:/Programs/Tools/xpack-arm-none-eabi-gcc-13.2.1-1.1/bin/../lib/gcc/arm-none-eabi/13.2.1/../../../../arm-none-eabi/lib/thumb/v7e-m+fp/hard\libc_nano.a(libc_a-__atexit.o)
                                                  C:/Programs/Tools/xpack-arm-none-eabi-gcc-13.2.1-1.1/bin/../lib/gcc/arm-none-eabi/13.2.1/../../../../arm-none-eabi/lib/thumb/v7e-m+fp/hard\libc_nano.a(libc_a-atexit.o)
__register_frame_info                             C:/Programs/Tools/xpack-arm-none-eabi-gcc-13.2.1-1.1/bin/../lib/gcc/arm-none-eabi/13.2.1/thumb/v7e-m+fp/hard/crtbegin.o
__retarget_lock_acquire                           C:/Programs/Tools/xpack-arm-none-eabi-gcc-13.2.1-1.1/bin/../lib/gcc/arm-none-eabi/13.2.1/../../../../arm-none-eabi/lib/thumb/v7e-m+fp/hard\libc_nano.a(libc_a-lock.o)
__retarget_lock_acquire_recursive                 C:/Programs/Tools/xpack-arm-none-eabi-gcc-13.2.1-1.1/bin/../lib/gcc/arm-none-eabi/13.2.1/../../../../arm-none-eabi/lib/thumb/v7e-m+fp/hard\libc_nano.a(libc_a-lock.o)
                                                  C:/Programs/Tools/xpack-arm-none-eabi-gcc-13.2.1-1.1/bin/../lib/gcc/arm-none-eabi/13.2.1/../../../../arm-none-eabi/lib/thumb/v7e-m+fp/hard\libc_nano.a(libc_a-fflush.o)
                                                  C:/Programs/Tools/xpack-arm-none-eabi-gcc-13.2.1-1.1/bin/../lib/gcc/arm-none-eabi/13.2.1/../../../../arm-none-eabi/lib/thumb/v7e-m+fp/hard\libc_nano.a(libc_a-mlock.o)
                                                  C:/Programs/Tools/xpack-arm-none-eabi-gcc-13.2.1-1.1/bin/../lib/gcc/arm-none-eabi/13.2.1/../../../../arm-none-eabi/lib/thumb/v7e-m+fp/hard\libc_nano.a(libc_a-__call_atexit.o)
                                                  C:/Programs/Tools/xpack-arm-none-eabi-gcc-13.2.1-1.1/bin/../lib/gcc/arm-none-eabi/13.2.1/../../../../arm-none-eabi/lib/thumb/v7e-m+fp/hard\libc_nano.a(libc_a-__atexit.o)
                                                  C:/Programs/Tools/xpack-arm-none-eabi-gcc-13.2.1-1.1/bin/../lib/gcc/arm-none-eabi/13.2.1/../../../../arm-none-eabi/lib/thumb/v7e-m+fp/hard\libc_nano.a(libc_a-findfp.o)
__retarget_lock_close                             C:/Programs/Tools/xpack-arm-none-eabi-gcc-13.2.1-1.1/bin/../lib/gcc/arm-none-eabi/13.2.1/../../../../arm-none-eabi/lib/thumb/v7e-m+fp/hard\libc_nano.a(libc_a-lock.o)
__retarget_lock_close_recursive                   C:/Programs/Tools/xpack-arm-none-eabi-gcc-13.2.1-1.1/bin/../lib/gcc/arm-none-eabi/13.2.1/../../../../arm-none-eabi/lib/thumb/v7e-m+fp/hard\libc_nano.a(libc_a-lock.o)
__retarget_lock_init                              C:/Programs/Tools/xpack-arm-none-eabi-gcc-13.2.1-1.1/bin/../lib/gcc/arm-none-eabi/13.2.1/../../../../arm-none-eabi/lib/thumb/v7e-m+fp/hard\libc_nano.a(libc_a-lock.o)
__retarget_lock_init_recursive                    C:/Programs/Tools/xpack-arm-none-eabi-gcc-13.2.1-1.1/bin/../lib/gcc/arm-none-eabi/13.2.1/../../../../arm-none-eabi/lib/thumb/v7e-m+fp/hard\libc_nano.a(libc_a-lock.o)
                                                  C:/Programs/Tools/xpack-arm-none-eabi-gcc-13.2.1-1.1/bin/../lib/gcc/arm-none-eabi/13.2.1/../../../../arm-none-eabi/lib/thumb/v7e-m+fp/hard\libc_nano.a(libc_a-findfp.o)
__retarget_lock_release                           C:/Programs/Tools/xpack-arm-none-eabi-gcc-13.2.1-1.1/bin/../lib/gcc/arm-none-eabi/13.2.1/../../../../arm-none-eabi/lib/thumb/v7e-m+fp/hard\libc_nano.a(libc_a-lock.o)
__retarget_lock_release_recursive                 C:/Programs/Tools/xpack-arm-none-eabi-gcc-13.2.1-1.1/bin/../lib/gcc/arm-none-eabi/13.2.1/../../../../arm-none-eabi/lib/thumb/v7e-m+fp/hard\libc_nano.a(libc_a-lock.o)
                                                  C:/Programs/Tools/xpack-arm-none-eabi-gcc-13.2.1-1.1/bin/../lib/gcc/arm-none-eabi/13.2.1/../../../../arm-none-eabi/lib/thumb/v7e-m+fp/hard\libc_nano.a(libc_a-fflush.o)
                                                  C:/Programs/Tools/xpack-arm-none-eabi-gcc-13.2.1-1.1/bin/../lib/gcc/arm-none-eabi/13.2.1/../../../../arm-none-eabi/lib/thumb/v7e-m+fp/hard\libc_nano.a(libc_a-mlock.o)
                                                  C:/Programs/Tools/xpack-arm-none-eabi-gcc-13.2.1-1.1/bin/../lib/gcc/arm-none-eabi/13.2.1/../../../../arm-none-eabi/lib/thumb/v7e-m+fp/hard\libc_nano.a(libc_a-__call_atexit.o)
                                                  C:/Programs/Tools/xpack-arm-none-eabi-gcc-13.2.1-1.1/bin/../lib/gcc/arm-none-eabi/13.2.1/../../../../arm-none-eabi/lib/thumb/v7e-m+fp/hard\libc_nano.a(libc_a-__atexit.o)
                                                  C:/Programs/Tools/xpack-arm-none-eabi-gcc-13.2.1-1.1/bin/../lib/gcc/arm-none-eabi/13.2.1/../../../../arm-none-eabi/lib/thumb/v7e-m+fp/hard\libc_nano.a(libc_a-findfp.o)
__retarget_lock_try_acquire                       C:/Programs/Tools/xpack-arm-none-eabi-gcc-13.2.1-1.1/bin/../lib/gcc/arm-none-eabi/13.2.1/../../../../arm-none-eabi/lib/thumb/v7e-m+fp/hard\libc_nano.a(libc_a-lock.o)
__retarget_lock_try_acquire_recursive             C:/Programs/Tools/xpack-arm-none-eabi-gcc-13.2.1-1.1/bin/../lib/gcc/arm-none-eabi/13.2.1/../../../../arm-none-eabi/lib/thumb/v7e-m+fp/hard\libc_nano.a(libc_a-lock.o)
__sclose                                          C:/Programs/Tools/xpack-arm-none-eabi-gcc-13.2.1-1.1/bin/../lib/gcc/arm-none-eabi/13.2.1/../../../../arm-none-eabi/lib/thumb/v7e-m+fp/hard\libc_nano.a(libc_a-stdio.o)
                                                  C:/Programs/Tools/xpack-arm-none-eabi-gcc-13.2.1-1.1/bin/../lib/gcc/arm-none-eabi/13.2.1/../../../../arm-none-eabi/lib/thumb/v7e-m+fp/hard\libc_nano.a(libc_a-findfp.o)
__seofread                                        C:/Programs/Tools/xpack-arm-none-eabi-gcc-13.2.1-1.1/bin/../lib/gcc/arm-none-eabi/13.2.1/../../../../arm-none-eabi/lib/thumb/v7e-m+fp/hard\libc_nano.a(libc_a-stdio.o)
__sf                                              C:/Programs/Tools/xpack-arm-none-eabi-gcc-13.2.1-1.1/bin/../lib/gcc/arm-none-eabi/13.2.1/../../../../arm-none-eabi/lib/thumb/v7e-m+fp/hard\libc_nano.a(libc_a-findfp.o)
                                                  C:/Programs/Tools/xpack-arm-none-eabi-gcc-13.2.1-1.1/bin/../lib/gcc/arm-none-eabi/13.2.1/../../../../arm-none-eabi/lib/thumb/v7e-m+fp/hard\libc_nano.a(libc_a-impure.o)
__sflush_r                                        C:/Programs/Tools/xpack-arm-none-eabi-gcc-13.2.1-1.1/bin/../lib/gcc/arm-none-eabi/13.2.1/../../../../arm-none-eabi/lib/thumb/v7e-m+fp/hard\libc_nano.a(libc_a-fflush.o)
__sfp                                             C:/Programs/Tools/xpack-arm-none-eabi-gcc-13.2.1-1.1/bin/../lib/gcc/arm-none-eabi/13.2.1/../../../../arm-none-eabi/lib/thumb/v7e-m+fp/hard\libc_nano.a(libc_a-findfp.o)
__sfp_lock_acquire                                C:/Programs/Tools/xpack-arm-none-eabi-gcc-13.2.1-1.1/bin/../lib/gcc/arm-none-eabi/13.2.1/../../../../arm-none-eabi/lib/thumb/v7e-m+fp/hard\libc_nano.a(libc_a-findfp.o)
__sfp_lock_release                                C:/Programs/Tools/xpack-arm-none-eabi-gcc-13.2.1-1.1/bin/../lib/gcc/arm-none-eabi/13.2.1/../../../../arm-none-eabi/lib/thumb/v7e-m+fp/hard\libc_nano.a(libc_a-findfp.o)
__sglue                                           C:/Programs/Tools/xpack-arm-none-eabi-gcc-13.2.1-1.1/bin/../lib/gcc/arm-none-eabi/13.2.1/../../../../arm-none-eabi/lib/thumb/v7e-m+fp/hard\libc_nano.a(libc_a-findfp.o)
                                                  C:/Programs/Tools/xpack-arm-none-eabi-gcc-13.2.1-1.1/bin/../lib/gcc/arm-none-eabi/13.2.1/../../../../arm-none-eabi/lib/thumb/v7e-m+fp/hard\libc_nano.a(libc_a-fflush.o)
__sinit                                           C:/Programs/Tools/xpack-arm-none-eabi-gcc-13.2.1-1.1/bin/../lib/gcc/arm-none-eabi/13.2.1/../../../../arm-none-eabi/lib/thumb/v7e-m+fp/hard\libc_nano.a(libc_a-findfp.o)
                                                  C:/Programs/Tools/xpack-arm-none-eabi-gcc-13.2.1-1.1/bin/../lib/gcc/arm-none-eabi/13.2.1/../../../../arm-none-eabi/lib/thumb/v7e-m+fp/hard\libc_nano.a(libc_a-fflush.o)
__sread                                           C:/Programs/Tools/xpack-arm-none-eabi-gcc-13.2.1-1.1/bin/../lib/gcc/arm-none-eabi/13.2.1/../../../../arm-none-eabi/lib/thumb/v7e-m+fp/hard\libc_nano.a(libc_a-stdio.o)
                                                  C:/Programs/Tools/xpack-arm-none-eabi-gcc-13.2.1-1.1/bin/../lib/gcc/arm-none-eabi/13.2.1/../../../../arm-none-eabi/lib/thumb/v7e-m+fp/hard\libc_nano.a(libc_a-findfp.o)
__sseek                                           C:/Programs/Tools/xpack-arm-none-eabi-gcc-13.2.1-1.1/bin/../lib/gcc/arm-none-eabi/13.2.1/../../../../arm-none-eabi/lib/thumb/v7e-m+fp/hard\libc_nano.a(libc_a-stdio.o)
                                                  C:/Programs/Tools/xpack-arm-none-eabi-gcc-13.2.1-1.1/bin/../lib/gcc/arm-none-eabi/13.2.1/../../../../arm-none-eabi/lib/thumb/v7e-m+fp/hard\libc_nano.a(libc_a-findfp.o)
__stack                                           C:/Programs/Tools/xpack-arm-none-eabi-gcc-13.2.1-1.1/bin/../lib/gcc/arm-none-eabi/13.2.1/../../../../arm-none-eabi/lib/thumb/v7e-m+fp/hard/crt0.o
__stdio_exit_handler                              C:/Programs/Tools/xpack-arm-none-eabi-gcc-13.2.1-1.1/bin/../lib/gcc/arm-none-eabi/13.2.1/../../../../arm-none-eabi/lib/thumb/v7e-m+fp/hard\libc_nano.a(libc_a-findfp.o)
                                                  C:/Programs/Tools/xpack-arm-none-eabi-gcc-13.2.1-1.1/bin/../lib/gcc/arm-none-eabi/13.2.1/../../../../arm-none-eabi/lib/thumb/v7e-m+fp/hard\libc_nano.a(libc_a-exit.o)
__swrite                                          C:/Programs/Tools/xpack-arm-none-eabi-gcc-13.2.1-1.1/bin/../lib/gcc/arm-none-eabi/13.2.1/../../../../arm-none-eabi/lib/thumb/v7e-m+fp/hard\libc_nano.a(libc_a-stdio.o)
                                                  C:/Programs/Tools/xpack-arm-none-eabi-gcc-13.2.1-1.1/bin/../lib/gcc/arm-none-eabi/13.2.1/../../../../arm-none-eabi/lib/thumb/v7e-m+fp/hard\libc_nano.a(libc_a-findfp.o)
_close                                            build_F411VE/syscalls.o
                                                  C:/Programs/Tools/xpack-arm-none-eabi-gcc-13.2.1-1.1/bin/../lib/gcc/arm-none-eabi/13.2.1/../../../../arm-none-eabi/lib/thumb/v7e-m+fp/hard\libc_nano.a(libc_a-closer.o)
_close_r                                          C:/Programs/Tools/xpack-arm-none-eabi-gcc-13.2.1-1.1/bin/../lib/gcc/arm-none-eabi/13.2.1/../../../../arm-none-eabi/lib/thumb/v7e-m+fp/hard\libc_nano.a(libc_a-closer.o)
                                                  C:/Programs/Tools/xpack-arm-none-eabi-gcc-13.2.1-1.1/bin/../lib/gcc/arm-none-eabi/13.2.1/../../../../arm-none-eabi/lib/thumb/v7e-m+fp/hard\libc_nano.a(libc_a-stdio.o)
_ebss                                             build_F411VE/startup_stm32f411xe.o
_edata                                            build_F411VE/startup_stm32f411xe.o
_end                                              build_F411VE/sysmem.o
_estack                                           build_F411VE/startup_stm32f411xe.o
                                                  build_F411VE/sysmem.o
_execve                                           build_F411VE/syscalls.o
_exit                                             build_F411VE/syscalls.o
                                                  C:/Programs/Tools/xpack-arm-none-eabi-gcc-13.2.1-1.1/bin/../lib/gcc/arm-none-eabi/13.2.1/../../../../arm-none-eabi/lib/thumb/v7e-m+fp/hard\libc_nano.a(libc_a-exit.o)
_fflush_r                                         C:/Programs/Tools/xpack-arm-none-eabi-gcc-13.2.1-1.1/bin/../lib/gcc/arm-none-eabi/13.2.1/../../../../arm-none-eabi/lib/thumb/v7e-m+fp/hard\libc_nano.a(libc_a-fflush.o)
                                                  C:/Programs/Tools/xpack-arm-none-eabi-gcc-13.2.1-1.1/bin/../lib/gcc/arm-none-eabi/13.2.1/../../../../arm-none-eabi/lib/thumb/v7e-m+fp/hard\libc_nano.a(libc_a-findfp.o)
_fini                                             C:/Programs/Tools/xpack-arm-none-eabi-gcc-13.2.1-1.1/bin/../lib/gcc/arm-none-eabi/13.2.1/thumb/v7e-m+fp/hard/crti.o
                                                  C:/Programs/Tools/xpack-arm-none-eabi-gcc-13.2.1-1.1/bin/../lib/gcc/arm-none-eabi/13.2.1/../../../../arm-none-eabi/lib/thumb/v7e-m+fp/hard\libc_nano.a(libc_a-fini.o)
_fork                                             build_F411VE/syscalls.o
_free_r                                           C:/Programs/Tools/xpack-arm-none-eabi-gcc-13.2.1-1.1/bin/../lib/gcc/arm-none-eabi/13.2.1/../../../../arm-none-eabi/lib/thumb/v7e-m+fp/hard\libc_nano.a(libc_a-freer.o)
                                                  C:/Programs/Tools/xpack-arm-none-eabi-gcc-13.2.1-1.1/bin/../lib/gcc/arm-none-eabi/13.2.1/../../../../arm-none-eabi/lib/thumb/v7e-m+fp/hard\libc_nano.a(libc_a-fflush.o)
                                                  C:/Programs/Tools/xpack-arm-none-eabi-gcc-13.2.1-1.1/bin/../lib/gcc/arm-none-eabi/13.2.1/../../../../arm-none-eabi/lib/thumb/v7e-m+fp/hard\libc_nano.a(libc_a-reent.o)
_fstat                                            build_F411VE/syscalls.o
_fwalk_sglue                                      C:/Programs/Tools/xpack-arm-none-eabi-gcc-13.2.1-1.1/bin/../lib/gcc/arm-none-eabi/13.2.1/../../../../arm-none-eabi/lib/thumb/v7e-m+fp/hard\libc_nano.a(libc_a-fwalk.o)
                                                  C:/Programs/Tools/xpack-arm-none-eabi-gcc-13.2.1-1.1/bin/../lib/gcc/arm-none-eabi/13.2.1/../../../../arm-none-eabi/lib/thumb/v7e-m+fp/hard\libc_nano.a(libc_a-fflush.o)
                                                  C:/Programs/Tools/xpack-arm-none-eabi-gcc-13.2.1-1.1/bin/../lib/gcc/arm-none-eabi/13.2.1/../../../../arm-none-eabi/lib/thumb/v7e-m+fp/hard\libc_nano.a(libc_a-findfp.o)
_getpid                                           build_F411VE/syscalls.o
_impure_data                                      C:/Programs/Tools/xpack-arm-none-eabi-gcc-13.2.1-1.1/bin/../lib/gcc/arm-none-eabi/13.2.1/../../../../arm-none-eabi/lib/thumb/v7e-m+fp/hard\libc_nano.a(libc_a-impure.o)
                                                  C:/Programs/Tools/xpack-arm-none-eabi-gcc-13.2.1-1.1/bin/../lib/gcc/arm-none-eabi/13.2.1/../../../../arm-none-eabi/lib/thumb/v7e-m+fp/hard\libc_nano.a(libc_a-fflush.o)
                                                  C:/Programs/Tools/xpack-arm-none-eabi-gcc-13.2.1-1.1/bin/../lib/gcc/arm-none-eabi/13.2.1/../../../../arm-none-eabi/lib/thumb/v7e-m+fp/hard\libc_nano.a(libc_a-findfp.o)
_impure_ptr                                       C:/Programs/Tools/xpack-arm-none-eabi-gcc-13.2.1-1.1/bin/../lib/gcc/arm-none-eabi/13.2.1/../../../../arm-none-eabi/lib/thumb/v7e-m+fp/hard\libc_nano.a(libc_a-impure.o)
                                                  C:/Programs/Tools/xpack-arm-none-eabi-gcc-13.2.1-1.1/bin/../lib/gcc/arm-none-eabi/13.2.1/../../../../arm-none-eabi/lib/thumb/v7e-m+fp/hard\libc_nano.a(libc_a-fflush.o)
                                                  C:/Programs/Tools/xpack-arm-none-eabi-gcc-13.2.1-1.1/bin/../lib/gcc/arm-none-eabi/13.2.1/../../../../arm-none-eabi/lib/thumb/v7e-m+fp/hard\libc_nano.a(libc_a-errno.o)
                                                  C:/Programs/Tools/xpack-arm-none-eabi-gcc-13.2.1-1.1/bin/../lib/gcc/arm-none-eabi/13.2.1/../../../../arm-none-eabi/lib/thumb/v7e-m+fp/hard\libc_nano.a(libc_a-reent.o)
_init                                             C:/Programs/Tools/xpack-arm-none-eabi-gcc-13.2.1-1.1/bin/../lib/gcc/arm-none-eabi/13.2.1/thumb/v7e-m+fp/hard/crti.o
                                                  C:/Programs/Tools/xpack-arm-none-eabi-gcc-13.2.1-1.1/bin/../lib/gcc/arm-none-eabi/13.2.1/../../../../arm-none-eabi/lib/thumb/v7e-m+fp/hard\libc_nano.a(libc_a-init.o)
_isatty                                           build_F411VE/syscalls.o
_kill                                             build_F411VE/syscalls.o
_link                                             build_F411VE/syscalls.o
_lseek                                            build_F411VE/syscalls.o
                                                  C:/Programs/Tools/xpack-arm-none-eabi-gcc-13.2.1-1.1/bin/../lib/gcc/arm-none-eabi/13.2.1/../../../../arm-none-eabi/lib/thumb/v7e-m+fp/hard\libc_nano.a(libc_a-lseekr.o)
_lseek_r                                          C:/Programs/Tools/xpack-arm-none-eabi-gcc-13.2.1-1.1/bin/../lib/gcc/arm-none-eabi/13.2.1/../../../../arm-none-eabi/lib/thumb/v7e-m+fp/hard\libc_nano.a(libc_a-lseekr.o)
                                                  C:/Programs/Tools/xpack-arm-none-eabi-gcc-13.2.1-1.1/bin/../lib/gcc/arm-none-eabi/13.2.1/../../../../arm-none-eabi/lib/thumb/v7e-m+fp/hard\libc_nano.a(libc_a-stdio.o)
_mainCRTStartup                                   C:/Programs/Tools/xpack-arm-none-eabi-gcc-13.2.1-1.1/bin/../lib/gcc/arm-none-eabi/13.2.1/../../../../arm-none-eabi/lib/thumb/v7e-m+fp/hard/crt0.o
_malloc_r                                         C:/Programs/Tools/xpack-arm-none-eabi-gcc-13.2.1-1.1/bin/../lib/gcc/arm-none-eabi/13.2.1/../../../../arm-none-eabi/lib/thumb/v7e-m+fp/hard\libc_nano.a(libc_a-mallocr.o)
                                                  C:/Programs/Tools/xpack-arm-none-eabi-gcc-13.2.1-1.1/bin/../lib/gcc/arm-none-eabi/13.2.1/../../../../arm-none-eabi/lib/thumb/v7e-m+fp/hard\libc_nano.a(libc_a-findfp.o)
_open                                             build_F411VE/syscalls.o
_read                                             build_F411VE/syscalls.o
                                                  C:/Programs/Tools/xpack-arm-none-eabi-gcc-13.2.1-1.1/bin/../lib/gcc/arm-none-eabi/13.2.1/../../../../arm-none-eabi/lib/thumb/v7e-m+fp/hard\libc_nano.a(libc_a-readr.o)
_read_r                                           C:/Programs/Tools/xpack-arm-none-eabi-gcc-13.2.1-1.1/bin/../lib/gcc/arm-none-eabi/13.2.1/../../../../arm-none-eabi/lib/thumb/v7e-m+fp/hard\libc_nano.a(libc_a-readr.o)
                                                  C:/Programs/Tools/xpack-arm-none-eabi-gcc-13.2.1-1.1/bin/../lib/gcc/arm-none-eabi/13.2.1/../../../../arm-none-eabi/lib/thumb/v7e-m+fp/hard\libc_nano.a(libc_a-stdio.o)
_reclaim_reent                                    C:/Programs/Tools/xpack-arm-none-eabi-gcc-13.2.1-1.1/bin/../lib/gcc/arm-none-eabi/13.2.1/../../../../arm-none-eabi/lib/thumb/v7e-m+fp/hard\libc_nano.a(libc_a-reent.o)
_sbrk                                             build_F411VE/sysmem.o
                                                  C:/Programs/Tools/xpack-arm-none-eabi-gcc-13.2.1-1.1/bin/../lib/gcc/arm-none-eabi/13.2.1/../../../../arm-none-eabi/lib/thumb/v7e-m+fp/hard\libc_nano.a(libc_a-sbrkr.o)
_sbrk_r                                           C:/Programs/Tools/xpack-arm-none-eabi-gcc-13.2.1-1.1/bin/../lib/gcc/arm-none-eabi/13.2.1/../../../../arm-none-eabi/lib/thumb/v7e-m+fp/hard\libc_nano.a(libc_a-sbrkr.o)
                                                  C:/Programs/Tools/xpack-arm-none-eabi-gcc-13.2.1-1.1/bin/../lib/gcc/arm-none-eabi/13.2.1/../../../../arm-none-eabi/lib/thumb/v7e-m+fp/hard\libc_nano.a(libc_a-mallocr.o)
_sbss                                             build_F411VE/startup_stm32f411xe.o
_sdata                                            build_F411VE/startup_stm32f411xe.o
_sidata                                           build_F411VE/startup_stm32f411xe.o
_stack_init                                       C:/Programs/Tools/xpack-arm-none-eabi-gcc-13.2.1-1.1/bin/../lib/gcc/arm-none-eabi/13.2.1/../../../../arm-none-eabi/lib/thumb/v7e-m+fp/hard/crt0.o
_start                                            C:/Programs/Tools/xpack-arm-none-eabi-gcc-13.2.1-1.1/bin/../lib/gcc/arm-none-eabi/13.2.1/../../../../arm-none-eabi/lib/thumb/v7e-m+fp/hard/crt0.o
_stat                                             build_F411VE/syscalls.o
_times                                            build_F411VE/syscalls.o
_unlink                                           build_F411VE/syscalls.o
_wait                                             build_F411VE/syscalls.o
_write                                            build_F411VE/syscalls.o
                                                  C:/Programs/Tools/xpack-arm-none-eabi-gcc-13.2.1-1.1/bin/../lib/gcc/arm-none-eabi/13.2.1/../../../../arm-none-eabi/lib/thumb/v7e-m+fp/hard\libc_nano.a(libc_a-writer.o)
_write_r                                          C:/Programs/Tools/xpack-arm-none-eabi-gcc-13.2.1-1.1/bin/../lib/gcc/arm-none-eabi/13.2.1/../../../../arm-none-eabi/lib/thumb/v7e-m+fp/hard\libc_nano.a(libc_a-writer.o)
                                                  C:/Programs/Tools/xpack-arm-none-eabi-gcc-13.2.1-1.1/bin/../lib/gcc/arm-none-eabi/13.2.1/../../../../arm-none-eabi/lib/thumb/v7e-m+fp/hard\libc_nano.a(libc_a-stdio.o)
accel                                             build_F411VE/main.o
adcInter                                          build_F411VE/main.o
                                                  build_F411VE/interrupt.o
adc_buf                                           build_F411VE/main.o
                                                  build_F411VE/init.o
adc_conversion_complete                           build_F411VE/main.o
                                                  build_F411VE/interrupt.o
adc_overrun_count                                 build_F411VE/main.o
                                                  build_F411VE/interrupt.o
adc_value                                         build_F411VE/main.o
atexit                                            C:/Programs/Tools/xpack-arm-none-eabi-gcc-13.2.1-1.1/bin/../lib/gcc/arm-none-eabi/13.2.1/../../../../arm-none-eabi/lib/thumb/v7e-m+fp/hard\libc_nano.a(libc_a-atexit.o)
                                                  C:/Programs/Tools/xpack-arm-none-eabi-gcc-13.2.1-1.1/bin/../lib/gcc/arm-none-eabi/13.2.1/../../../../arm-none-eabi/lib/thumb/v7e-m+fp/hard/crt0.o
dat                                               build_F411VE/main.o
data_accel                                        build_F411VE/main.o
data_magnetic                                     build_F411VE/main.o
delay                                             build_F411VE/interrupt.o
environ                                           build_F411VE/syscalls.o
errno                                             C:/Programs/Tools/xpack-arm-none-eabi-gcc-13.2.1-1.1/bin/../lib/gcc/arm-none-eabi/13.2.1/../../../../arm-none-eabi/lib/thumb/v7e-m+fp/hard\libc_nano.a(libc_a-reent.o)
                                                  C:/Programs/Tools/xpack-arm-none-eabi-gcc-13.2.1-1.1/bin/../lib/gcc/arm-none-eabi/13.2.1/../../../../arm-none-eabi/lib/thumb/v7e-m+fp/hard\libc_nano.a(libc_a-sbrkr.o)
                                                  C:/Programs/Tools/xpack-arm-none-eabi-gcc-13.2.1-1.1/bin/../lib/gcc/arm-none-eabi/13.2.1/../../../../arm-none-eabi/lib/thumb/v7e-m+fp/hard\libc_nano.a(libc_a-writer.o)
                                                  C:/Programs/Tools/xpack-arm-none-eabi-gcc-13.2.1-1.1/bin/../lib/gcc/arm-none-eabi/13.2.1/../../../../arm-none-eabi/lib/thumb/v7e-m+fp/hard\libc_nano.a(libc_a-readr.o)
                                                  C:/Programs/Tools/xpack-arm-none-eabi-gcc-13.2.1-1.1/bin/../lib/gcc/arm-none-eabi/13.2.1/../../../../arm-none-eabi/lib/thumb/v7e-m+fp/hard\libc_nano.a(libc_a-lseekr.o)
                                                  C:/Programs/Tools/xpack-arm-none-eabi-gcc-13.2.1-1.1/bin/../lib/gcc/arm-none-eabi/13.2.1/../../../../arm-none-eabi/lib/thumb/v7e-m+fp/hard\libc_nano.a(libc_a-closer.o)
exit                                              C:/Programs/Tools/xpack-arm-none-eabi-gcc-13.2.1-1.1/bin/../lib/gcc/arm-none-eabi/13.2.1/../../../../arm-none-eabi/lib/thumb/v7e-m+fp/hard\libc_nano.a(libc_a-exit.o)
                                                  C:/Programs/Tools/xpack-arm-none-eabi-gcc-13.2.1-1.1/bin/../lib/gcc/arm-none-eabi/13.2.1/../../../../arm-none-eabi/lib/thumb/v7e-m+fp/hard/crt0.o
fflush                                            C:/Programs/Tools/xpack-arm-none-eabi-gcc-13.2.1-1.1/bin/../lib/gcc/arm-none-eabi/13.2.1/../../../../arm-none-eabi/lib/thumb/v7e-m+fp/hard\libc_nano.a(libc_a-fflush.o)
func1                                             build_F411VE/lsm303dlhc.o
                                                  build_F411VE/main.o
func2                                             build_F411VE/lsm303dlhc.o
g_pfnVectors                                      build_F411VE/startup_stm32f411xe.o
hardware_init_hook                                C:/Programs/Tools/xpack-arm-none-eabi-gcc-13.2.1-1.1/bin/../lib/gcc/arm-none-eabi/13.2.1/../../../../arm-none-eabi/lib/thumb/v7e-m+fp/hard/crt0.o
initialise_monitor_handles                        build_F411VE/syscalls.o
magnetic                                          build_F411VE/main.o
main                                              build_F411VE/main.o
                                                  build_F411VE/startup_stm32f411xe.o
                                                  C:/Programs/Tools/xpack-arm-none-eabi-gcc-13.2.1-1.1/bin/../lib/gcc/arm-none-eabi/13.2.1/../../../../arm-none-eabi/lib/thumb/v7e-m+fp/hard/crt0.o
malloc                                            C:/Programs/Tools/xpack-arm-none-eabi-gcc-13.2.1-1.1/bin/../lib/gcc/arm-none-eabi/13.2.1/../../../../arm-none-eabi/lib/thumb/v7e-m+fp/hard\libc_nano.a(libc_a-__atexit.o)
memset                                            C:/Programs/Tools/xpack-arm-none-eabi-gcc-13.2.1-1.1/bin/../lib/gcc/arm-none-eabi/13.2.1/../../../../arm-none-eabi/lib/thumb/v7e-m+fp/hard\libc_nano.a(libc_a-memset.o)
                                                  C:/Programs/Tools/xpack-arm-none-eabi-gcc-13.2.1-1.1/bin/../lib/gcc/arm-none-eabi/13.2.1/../../../../arm-none-eabi/lib/thumb/v7e-m+fp/hard\libc_nano.a(libc_a-findfp.o)
                                                  C:/Programs/Tools/xpack-arm-none-eabi-gcc-13.2.1-1.1/bin/../lib/gcc/arm-none-eabi/13.2.1/../../../../arm-none-eabi/lib/thumb/v7e-m+fp/hard/crt0.o
miiliseconds                                      build_F411VE/interrupt.o
software_init_hook                                C:/Programs/Tools/xpack-arm-none-eabi-gcc-13.2.1-1.1/bin/../lib/gcc/arm-none-eabi/13.2.1/../../../../arm-none-eabi/lib/thumb/v7e-m+fp/hard/crt0.o
tick_delay_count                                  build_F411VE/interrupt.o
tim3_count                                        build_F411VE/interrupt.o
x_accel                                           build_F411VE/main.o
x_magnetic                                        build_F411VE/main.o
x_north                                           build_F411VE/main.o
x_roll                                            build_F411VE/main.o
y_accel                                           build_F411VE/main.o
y_east                                            build_F411VE/main.o
y_magnetic                                        build_F411VE/main.o
y_pitch                                           build_F411VE/main.o
z_accel                                           build_F411VE/main.o
z_down                                            build_F411VE/main.o
z_magnetic                                        build_F411VE/main.o
z_yaw                                             build_F411VE/main.o
